wsl : /mnt/c/dev/Project-ResNet-BK-An-O-N-Language-
Model-Architecture/src/models/phase4/topological_me
mory/sparse_tensor_rep.py:22: UserWarning: zarr not
 found. Persistence will be disabled.
発生場所 行:1 文字:1
+ wsl -d Ubuntu venv_ubuntu/bin/python scripts/trai
n_phase8.py --config ...
+ ~~~~~~~~~~~~~~~~~~~~~~~~~~~~~~~~~~~~~~~~~~~~~~~~~
~~~~~~~~~~~~~~~~~~~~
    + CategoryInfo          : NotSpecified: (/mnt/ 
   c/dev/Proj...ll be disabled.:String) [], Remot  
  eException
    + FullyQualifiedErrorId : NativeCommandError
 
  warnings.warn("zarr not found. Persistence will b
e disabled.")
/mnt/c/dev/Project-ResNet-BK-An-O-N-Language-Model-
Architecture/venv_ubuntu/lib/python3.12/site-packag
es/transformers/utils/generic.py:441: UserWarning: 
torch.utils._pytree._register_pytree_node is deprec
ated. Please use torch.utils._pytree.register_pytre
e_node instead.
  _torch_pytree._register_pytree_node(
/mnt/c/dev/Project-ResNet-BK-An-O-N-Language-Model-
Architecture/venv_ubuntu/lib/python3.12/site-packag
es/transformers/utils/generic.py:309: UserWarning: 
torch.utils._pytree._register_pytree_node is deprec
ated. Please use torch.utils._pytree.register_pytre
e_node instead.
  _torch_pytree._register_pytree_node(
/mnt/c/dev/Project-ResNet-BK-An-O-N-Language-Model-
Architecture/venv_ubuntu/lib/python3.12/site-packag
es/transformers/utils/generic.py:309: UserWarning: 
torch.utils._pytree._register_pytree_node is deprec
ated. Please use torch.utils._pytree.register_pytre
e_node instead.
  _torch_pytree._register_pytree_node(
Traceback (most recent call last):
  File "/mnt/c/dev/Project-ResNet-BK-An-O-N-Languag
e-Model-Architecture/scripts/train_phase8.py", line
 1076, in <module>
    train_phase8()
  File "/mnt/c/dev/Project-ResNet-BK-An-O-N-Languag
e-Model-Architecture/scripts/train_phase8.py", line
 687, in train_phase8
    model = create_model(config, config.vocab_size,
 device)
            ^^^^^^^^^^^^^^^^^^^^^^^^^^^^^^^^^^^^^^^
^^^^^^^^
  File "/mnt/c/dev/Project-ResNet-BK-An-O-N-Languag
e-Model-Architecture/scripts/train_phase8.py", line
 529, in create_model
    model = Phase8IntegratedModel(model_config)
            ^^^^^^^^^^^^^^^^^^^^^^^^^^^^^^^^^^^
  File "/mnt/c/dev/Project-ResNet-BK-An-O-N-Languag
e-Model-Architecture/src/models/phase8/integrated_m
odel.py", line 141, in __init__
    self.phase7_model = Phase7IntegratedModel(phase
7_config)
                        ^^^^^^^^^^^^^^^^^^^^^^^^^^^
^^^^^^^^^
  File "/mnt/c/dev/Project-ResNet-BK-An-O-N-Languag
e-Model-Architecture/src/models/phase7/integrated_m
odel.py", line 69, in __init__
    self.model = LanguageModel(config=base_config)
                 ^^^^^^^^^^^^^^^^^^^^^^^^^^^^^^^^^
  File "/mnt/c/dev/Project-ResNet-BK-An-O-N-Languag
e-Model-Architecture/src/models/resnet_bk.py", line
 347, in __init__
    self.token_embedding = nn.Embedding(config.voca
b_size, config.d_model)
                           ^^^^^^^^^^^^^^^^^^^^^^^^
^^^^^^^^^^^^^^^^^^^^^^^
  File "/mnt/c/dev/Project-ResNet-BK-An-O-N-Languag
e-Model-Architecture/venv_ubuntu/lib/python3.12/sit
e-packages/torch/nn/modules/sparse.py", line 143, i
n __init__
    self.weight = Parameter(torch.empty((num_embedd
ings, embedding_dim), **factory_kwargs),
                            ^^^^^^^^^^^^^^^^^^^^^^^
^^^^^^^^^^^^^^^^^^^^^^^^^^^^^^^^^^^^^^^
TypeError: empty() received an invalid combination 
of arguments - got (tuple, dtype=NoneType, device=N
oneType), but expected one of:
 * (tuple of ints size, *, tuple of names names, to
rch.memory_format memory_format, torch.dtype dtype,
 torch.layout layout, torch.device device, bool pin
_memory, bool requires_grad)
 * (tuple of ints size, *, torch.memory_format memo
ry_format, Tensor out, torch.dtype dtype, torch.lay
out layout, torch.device device, bool pin_memory, b
ool requires_grad)

