Testing GradientFeederV2.1 - Hybrid Control
=====================================================================================

Step  Grad    Vel      Pred    Thresh  Scale  Output  Action             HP  
-------------------------------------------------------------------------------------
